[2026-09-03 14:17:29.591] [INFO    ] [MainThread      ] ======================================================================
[2026-09-03 14:17:29.591] [INFO    ] [MainThread      ] СТАРТ СЕССИИ МЕССЕНДЖЕРА 'ВОЛНА' (PID: 1832)
[2026-09-03 14:17:29.591] [INFO    ] [MainThread      ] Платформа: win32 | Python: 3.13.0
[2026-09-03 14:17:29.591] [INFO    ] [MainThread      ] Режим сборки (frozen): False
[2026-09-03 14:17:29.591] [INFO    ] [MainThread      ] Рабочая директория (DATA_DIR): C:\Users\kaban\Desktop\Messandger WAWE
[2026-09-03 14:17:29.592] [INFO    ] [MainThread      ] ======================================================================
[2026-09-03 14:17:29.592] [INFO    ] [MainThread      ] Проверка наличия отложенного обновления (update_pending.exe)...
[2026-09-03 14:17:29.592] [INFO    ] [MainThread      ] Отложенных обновлений не обнаружено. Продолжение штатного запуска.
[2026-09-03 14:17:29.593] [INFO    ] [UpdaterThread   ] Поток фонового обновления запущен. Задержка 3.5 сек перед первым запросом...
[2026-09-03 14:17:33.093] [INFO    ] [UpdaterThread   ] Локальный исполняемый файл: C:\Users\kaban\Desktop\Messandger WAWE\dist\main.exe
[2026-09-03 14:17:33.154] [INFO    ] [UpdaterThread   ] Текущий локальный хеш:  5e3e1e5958e9c30f14ba56d154af6c1b95367046
[2026-09-03 14:17:33.154] [INFO    ] [UpdaterThread   ] Запрос метаданных к GitHub API: https://api.github.com/repos/devz1kk/Local-Messenger/contents/dist/main.exe
[2026-09-03 14:17:43.181] [ERROR   ] [UpdaterThread   ] Непредвиденная ошибка при проверке обновления: <urlopen error _ssl.c:1003: The handshake operation timed out>
Traceback (most recent call last):
  File "C:\Users\kaban\AppData\Local\Programs\Python\Python313\Lib\urllib\request.py", line 1319, in do_open
    h.request(req.get_method(), req.selector, req.data, headers,
    ~~~~~~~~~^^^^^^^^^^^^^^^^^^^^^^^^^^^^^^^^^^^^^^^^^^^^^^^^^^^
              encode_chunked=req.has_header('Transfer-encoding'))
              ^^^^^^^^^^^^^^^^^^^^^^^^^^^^^^^^^^^^^^^^^^^^^^^^^^^
  File "C:\Users\kaban\AppData\Local\Programs\Python\Python313\Lib\http\client.py", line 1336, in request
    self._send_request(method, url, body, headers, encode_chunked)
    ~~~~~~~~~~~~~~~~~~^^^^^^^^^^^^^^^^^^^^^^^^^^^^^^^^^^^^^^^^^^^^
  File "C:\Users\kaban\AppData\Local\Programs\Python\Python313\Lib\http\client.py", line 1382, in _send_request
    self.endheaders(body, encode_chunked=encode_chunked)
    ~~~~~~~~~~~~~~~^^^^^^^^^^^^^^^^^^^^^^^^^^^^^^^^^^^^^
  File "C:\Users\kaban\AppData\Local\Programs\Python\Python313\Lib\http\client.py", line 1331, in endheaders
    self._send_output(message_body, encode_chunked=encode_chunked)
    ~~~~~~~~~~~~~~~~~^^^^^^^^^^^^^^^^^^^^^^^^^^^^^^^^^^^^^^^^^^^^^
  File "C:\Users\kaban\AppData\Local\Programs\Python\Python313\Lib\http\client.py", line 1091, in _send_output
    self.send(msg)
    ~~~~~~~~~^^^^^
  File "C:\Users\kaban\AppData\Local\Programs\Python\Python313\Lib\http\client.py", line 1035, in send
    self.connect()
    ~~~~~~~~~~~~^^
  File "C:\Users\kaban\AppData\Local\Programs\Python\Python313\Lib\http\client.py", line 1477, in connect
    self.sock = self._context.wrap_socket(self.sock,
                ~~~~~~~~~~~~~~~~~~~~~~~~~^^^^^^^^^^^
                                          server_hostname=server_hostname)
                                          ^^^^^^^^^^^^^^^^^^^^^^^^^^^^^^^^
  File "C:\Users\kaban\AppData\Local\Programs\Python\Python313\Lib\ssl.py", line 455, in wrap_socket
    return self.sslsocket_class._create(
           ~~~~~~~~~~~~~~~~~~~~~~~~~~~~^
        sock=sock,
        ^^^^^^^^^^
    ...<5 lines>...
        session=session
        ^^^^^^^^^^^^^^^
    )
    ^
  File "C:\Users\kaban\AppData\Local\Programs\Python\Python313\Lib\ssl.py", line 1076, in _create
    self.do_handshake()
    ~~~~~~~~~~~~~~~~~^^
  File "C:\Users\kaban\AppData\Local\Programs\Python\Python313\Lib\ssl.py", line 1372, in do_handshake
    self._sslobj.do_handshake()
    ~~~~~~~~~~~~~~~~~~~~~~~~~^^
TimeoutError: _ssl.c:1003: The handshake operation timed out

During handling of the above exception, another exception occurred:

Traceback (most recent call last):
  File "C:\Users\kaban\Desktop\Messandger WAWE\main.py", line 268, in run
    with urllib.request.urlopen(req, timeout=10.0, context=ctx) as resp:
         ~~~~~~~~~~~~~~~~~~~~~~^^^^^^^^^^^^^^^^^^^^^^^^^^^^^^^^
  File "C:\Users\kaban\AppData\Local\Programs\Python\Python313\Lib\urllib\request.py", line 189, in urlopen
    return opener.open(url, data, timeout)
           ~~~~~~~~~~~^^^^^^^^^^^^^^^^^^^^
  File "C:\Users\kaban\AppData\Local\Programs\Python\Python313\Lib\urllib\request.py", line 489, in open
    response = self._open(req, data)
  File "C:\Users\kaban\AppData\Local\Programs\Python\Python313\Lib\urllib\request.py", line 506, in _open
    result = self._call_chain(self.handle_open, protocol, protocol +
                              '_open', req)
  File "C:\Users\kaban\AppData\Local\Programs\Python\Python313\Lib\urllib\request.py", line 466, in _call_chain
    result = func(*args)
  File "C:\Users\kaban\AppData\Local\Programs\Python\Python313\Lib\urllib\request.py", line 1367, in https_open
    return self.do_open(http.client.HTTPSConnection, req,
           ~~~~~~~~~~~~^^^^^^^^^^^^^^^^^^^^^^^^^^^^^^^^^^
                        context=self._context)
                        ^^^^^^^^^^^^^^^^^^^^^^
  File "C:\Users\kaban\AppData\Local\Programs\Python\Python313\Lib\urllib\request.py", line 1322, in do_open
    raise URLError(err)
urllib.error.URLError: <urlopen error _ssl.c:1003: The handshake operation timed out>
[2026-09-03 14:18:04.111] [INFO    ] [TrayThread      ] Завершение работы приложения пользователем.
